[backblue.gif]
[fade.gif]
[index.html]
[www.nishantverma.io/feed/index.html]
[www.nishantverma.io/comments/feed/index.html]
[www.nishantverma.io/wp-includes/js/jquery/jquery4a5f.js]
[www.nishantverma.io/wp-content/plugins/woo-product-tables/js/common077c.js]
[www.nishantverma.io/wp-content/plugins/woo-product-tables/js/core077c.js]
[www.nishantverma.io/wp-content/plugins/duracelltomi-google-tag-manager/js/gtm4wp-form-move-trackere899.js]
[www.nishantverma.io/wp-content/plugins/elementor/assets/lib/font-awesome/js/v4-shims.minf0c3.js]
[www.nishantverma.io/wp-json/index.html]
[www.nishantverma.io/wp-json/wp/v2/pages/1609.json]
[www.nishantverma.io/xmlrpc0db0.php]
[www.nishantverma.io/wp-includes/wlwmanifest.xml]
[www.nishantverma.io/wp-json/oembed/1.0/embed9ecd.json]
[www.nishantverma.io/wp-json/oembed/1.0/embed694e]
[connect.facebook.net/en_US/fbevents.js]
[www.nishantverma.io/wp-content/uploads/2019/07/25660261_1540915165955792_7022232493865353621_n-50x50.jpg]
[www.nishantverma.io/wp-content/uploads/2019/07/25660261_1540915165955792_7022232493865353621_n-300x300.jpg]
[www.nishantverma.io/wp-content/uploads/2020/04/logo.png]
[www.nishantverma.io/wp-content/uploads/2020/08/1-Copy.png]
[cdn.subscribers.com/assets/subscribers.js]
[www.nishantverma.io/wp-content/uploads/bb-plugin/cache/1609-layout932f.js]
[www.nishantverma.io/wp-content/plugins/woocommerce/assets/js/jquery-blockui/jquery.blockUI.min44fd.js]
[www.nishantverma.io/wp-content/plugins/woocommerce/assets/js/frontend/add-to-cart.minf39e.js]
[www.nishantverma.io/wp-content/plugins/woocommerce/assets/js/js-cookie/js.cookie.min6b25.js]
[www.nishantverma.io/wp-content/plugins/woocommerce/assets/js/frontend/woocommerce.minf39e.js]
[www.nishantverma.io/wp-content/plugins/woocommerce/assets/js/frontend/cart-fragments.minf39e.js]
[www.nishantverma.io/wp-content/themes/neve/assets/js/build/modern/frontendd7ad.js]
[www.nishantverma.io/index406f.html]
[www.nishantverma.io/wp-includes/js/comment-reply.mind03b.js]
[www.nishantverma.io/wp-includes/js/wp-embed.mind03b.js]
[www.nishantverma.io/wp-content/plugins/elementor/assets/js/frontend-modules.minf0c3.js]
[www.nishantverma.io/wp-content/plugins/elementor-pro/assets/lib/sticky/jquery.sticky.min5e0b.js]
[www.nishantverma.io/wp-content/plugins/elementor-pro/assets/js/frontend.min5e0b.js]
[www.nishantverma.io/wp-includes/js/jquery/ui/position.mine899.js]
[www.nishantverma.io/wp-content/plugins/elementor/assets/lib/dialog/dialog.minae9e.js]
[www.nishantverma.io/wp-content/plugins/elementor/assets/lib/waypoints/waypoints.min05da.js]
[www.nishantverma.io/wp-content/plugins/elementor/assets/lib/swiper/swiper.min48f5.js]
[www.nishantverma.io/wp-content/plugins/elementor/assets/lib/share-link/share-link.minf0c3.js]
[www.nishantverma.io/wp-content/plugins/elementor/assets/js/frontend.minf0c3.js]
[www.nishantverma.io/index.html]
[www.nishantverma.io/wp-content/plugins/gtranslate/24.png]
[www.nishantverma.io/wp-content/plugins/gtranslate/24a.png]
[www.nishantverma.io/wp-content/plugins/gtranslate/alt_flags.png]
[www.nishantverma.io/wp-content/plugins/gtranslate/gtranslate-style24d03b.css]
[www.nishantverma.io/wp-content/plugins/gtranslate/alt_flagsa.png]
[www.nishantverma.io/wp-includes/css/dist/block-library/style.mind03b.css]
[www.nishantverma.io/wp-content/plugins/woocommerce/packages/woocommerce-blocks/build/stylefc72.css]
[www.nishantverma.io/wp-content/uploads/bb-plugin/cache/1609-layout932f.css]
[www.nishantverma.io/wp-content/plugins/woocommerce/assets/css/woocommerce-layoutf39e.css]
[www.nishantverma.io/wp-content/plugins/woocommerce/assets/css/woocommerce-smallscreenf39e.css]
[www.nishantverma.io/wp-content/plugins/woocommerce/assets/fonts/star.eot]
[www.nishantverma.io/wp-content/plugins/woocommerce/assets/fonts/stard41d.eot]
[www.nishantverma.io/wp-content/plugins/woocommerce/assets/fonts/star.woff]
[www.nishantverma.io/wp-content/plugins/woocommerce/assets/fonts/star.ttf]
[www.nishantverma.io/wp-content/plugins/woocommerce/assets/fonts/WooCommerce.eot]
[www.nishantverma.io/wp-content/plugins/woocommerce/assets/fonts/WooCommerced41d.eot]
[www.nishantverma.io/wp-content/plugins/woocommerce/assets/fonts/WooCommerce.woff]
[www.nishantverma.io/wp-content/plugins/woocommerce/assets/fonts/WooCommerce.ttf]
[www.nishantverma.io/wp-content/plugins/woocommerce/assets/css/woocommercef39e.css]
[www.nishantverma.io/wp-content/themes/neve/assets/css/woocommerce.mind7ad.css]
[www.nishantverma.io/wp-content/themes/neve/style.mind7ad.css]
[www.nishantverma.io/wp-content/plugins/elementor/assets/lib/eicons/fonts/eicons2cbf.eot]
[www.nishantverma.io/wp-content/plugins/elementor/assets/lib/eicons/fonts/eicons2cbf.woff2]
[www.nishantverma.io/wp-content/plugins/elementor/assets/lib/eicons/fonts/eicons2cbf.woff]
[www.nishantverma.io/wp-content/plugins/elementor/assets/lib/eicons/fonts/eicons2cbf.ttf]
[www.nishantverma.io/wp-content/plugins/elementor/assets/lib/eicons/css/elementor-icons.min4c7e.css]
[www.nishantverma.io/wp-content/plugins/elementor/assets/lib/animations/animations.minf0c3.css]
[www.nishantverma.io/wp-content/plugins/elementor/assets/css/frontend.minf0c3.css]
[www.nishantverma.io/wp-content/plugins/elementor-pro/assets/css/frontend.min5e0b.css]
[www.nishantverma.io/wp-content/plugins/elementor/assets/lib/font-awesome/webfonts/fa-brands-400.eot]
[www.nishantverma.io/wp-content/plugins/elementor/assets/lib/font-awesome/webfonts/fa-brands-400d41d.eot]
[www.nishantverma.io/wp-content/plugins/elementor/assets/lib/font-awesome/webfonts/fa-brands-400.woff2]
[www.nishantverma.io/wp-content/plugins/elementor/assets/lib/font-awesome/webfonts/fa-brands-400.woff]
[www.nishantverma.io/wp-content/plugins/elementor/assets/lib/font-awesome/webfonts/fa-brands-400.ttf]
[www.nishantverma.io/wp-content/plugins/elementor/assets/lib/font-awesome/webfonts/fa-regular-400.eot]
[www.nishantverma.io/wp-content/plugins/elementor/assets/lib/font-awesome/webfonts/fa-regular-400d41d.eot]
[www.nishantverma.io/wp-content/plugins/elementor/assets/lib/font-awesome/webfonts/fa-regular-400.woff2]
[www.nishantverma.io/wp-content/plugins/elementor/assets/lib/font-awesome/webfonts/fa-regular-400.woff]
[www.nishantverma.io/wp-content/plugins/elementor/assets/lib/font-awesome/webfonts/fa-regular-400.ttf]
[www.nishantverma.io/wp-content/plugins/elementor/assets/lib/font-awesome/webfonts/fa-solid-900.eot]
[www.nishantverma.io/wp-content/plugins/elementor/assets/lib/font-awesome/webfonts/fa-solid-900d41d.eot]
[www.nishantverma.io/wp-content/plugins/elementor/assets/lib/font-awesome/webfonts/fa-solid-900.woff2]
[www.nishantverma.io/wp-content/plugins/elementor/assets/lib/font-awesome/webfonts/fa-solid-900.woff]
[www.nishantverma.io/wp-content/plugins/elementor/assets/lib/font-awesome/webfonts/fa-solid-900.ttf]
[www.nishantverma.io/wp-content/plugins/elementor/assets/lib/font-awesome/css/all.minf0c3.css]
[www.nishantverma.io/wp-content/plugins/elementor/assets/lib/font-awesome/css/v4-shims.minf0c3.css]
[www.nishantverma.io/wp-content/uploads/elementor/css/global95de.css]
[connect.facebook.net/en_US/fbevents.js]
[www.nishantverma.io/wp-json/wp/v2/pages/1637.json]
[www.nishantverma.io/wp-json/oembed/1.0/embed9c5d.json]
[www.nishantverma.io/wp-json/oembed/1.0/embed6379]
[www.nishantverma.io/wp-content/uploads/2020/04/RBT89GHWAQ.png]
[www.nishantverma.io/wp-content/uploads/bb-plugin/cache/1637-layout1c87.js]
[www.nishantverma.io/about/index.html]
[www.nishantverma.io/wp-json/wp/v2/pages/1613.json]
[www.nishantverma.io/wp-json/oembed/1.0/embed2005.json]
[www.nishantverma.io/wp-json/oembed/1.0/embed8ded]
[www.nishantverma.io/wp-content/uploads/2020/05/Capture.png]
[www.nishantverma.io/wp-content/uploads/bb-plugin/cache/1613-layout2a44.js]
[www.nishantverma.io/training/index.html]
[www.nishantverma.io/wp-content/plugins/woocommerce/assets/fonts/star.svg]
[www.nishantverma.io/wp-content/plugins/woocommerce/assets/fonts/WooCommerce.svg]
[www.nishantverma.io/wp-content/plugins/woocommerce/assets/images/icons/loader.svg]
[www.nishantverma.io/wp-content/plugins/woocommerce/assets/images/icons/credit-cards/visa.svg]
[www.nishantverma.io/wp-content/plugins/woocommerce/assets/images/icons/credit-cards/mastercard.svg]
[www.nishantverma.io/wp-content/plugins/woocommerce/assets/images/icons/credit-cards/laser.svg]
[www.nishantverma.io/wp-content/plugins/woocommerce/assets/images/icons/credit-cards/diners.svg]
[www.nishantverma.io/wp-content/plugins/woocommerce/assets/images/icons/credit-cards/maestro.svg]
[www.nishantverma.io/wp-content/plugins/woocommerce/assets/images/icons/credit-cards/jcb.svg]
[www.nishantverma.io/wp-content/plugins/woocommerce/assets/images/icons/credit-cards/amex.svg]
[www.nishantverma.io/wp-content/plugins/woocommerce/assets/images/icons/credit-cards/discover.svg]
[www.nishantverma.io/wp-content/plugins/elementor/assets/lib/eicons/fonts/eicons2cbf.svg]
[www.nishantverma.io/wp-content/plugins/elementor/assets/lib/font-awesome/webfonts/fa-brands-400.svg]
[www.nishantverma.io/wp-content/plugins/elementor/assets/lib/font-awesome/webfonts/fa-regular-400.svg]
[www.nishantverma.io/wp-content/plugins/elementor/assets/lib/font-awesome/webfonts/fa-solid-900.svg]
[www.nishantverma.io/POST.html]
[www.nishantverma.io/wp-content/uploads/bb-plugin/cache/1637-layout1c87.css]
[www.nishantverma.io/index5cb1.html]
[www.nishantverma.io/wp-content/uploads/bb-plugin/cache/1613-layout2a44.css]
[www.nishantverma.io/indexd350.html]
[www.nishantverma.io/wp-json/wp/v2/pages/1623.json]
[www.nishantverma.io/wp-json/oembed/1.0/embeda4af.json]
[www.nishantverma.io/wp-json/oembed/1.0/embed7f3c]
[fast.wistia.com/assets/external/E-v1.js]
[www.nishantverma.io/wp-content/uploads/bb-plugin/cache/1623-layoutd60e.js]
[www.nishantverma.io/vsl-video/index.html]
[www.nishantverma.io/wp-content/uploads/bb-plugin/cache/1623-layoutd60e.css]
[www.nishantverma.io/index736e.html]
[www.nishantverma.io/wp-json/wp/v2/pages/1627.json]
[www.nishantverma.io/wp-json/oembed/1.0/embed5fc5.json]
[www.nishantverma.io/wp-json/oembed/1.0/embede5b1]
[assets.calendly.com/assets/external/widget.js]
[www.nishantverma.io/wp-content/uploads/bb-plugin/cache/1627-layoutdbd4.js]
[www.nishantverma.io/apply-now/index.html]
[www.nishantverma.io/wp-content/uploads/bb-plugin/cache/1627-layoutdbd4.css]
[www.nishantverma.io/index2e27.html]
