[rohandhawan.com/onboarding/index.html]
[backblue.gif]
[fade.gif]
[index.html]
[rohandhawan.com/wp-includes/css/dist/block-library/style.min40df.css]
[rohandhawan.com/wp-content/uploads/bb-plugin/cache/2057-layout7230.css]
[rohandhawan.com/wp-content/plugins/bootstrap-modals/css/bootstrap7433.css]
[rohandhawan.com/wp-content/themes/neve/style.min5b0a.css]
[rohandhawan.com/wp-includes/js/jquery/jquery.min9d52.js]
[rohandhawan.com/wp-includes/js/jquery/jquery-migrate.mind617.js]
[rohandhawan.com/wp-content/plugins/duracelltomi-google-tag-manager/js/gtm4wp-form-move-tracker0455.js]
[rohandhawan.com/wp-content/uploads/2019/11/Rohan-Dhawan-black-150x150.png]
[rohandhawan.com/wp-content/uploads/2019/11/Rohan-Dhawan-black.png]
[player.vimeo.com/api/player.js]
[rohandhawan.com/wp-content/uploads/bb-plugin/cache/2057-layout8051.js]
[rohandhawan.com/wp-content/plugins/bootstrap-modals/js/bootstrap.min7433.js]
[rohandhawan.com/wp-content/themes/neve/assets/js/build/modern/frontend5b0a.js]
[rohandhawan.com/wp-includes/js/comment-reply.min40df.js]
[rohandhawan.com/onboarding/index.html]
[rohandhawan.com/wp-includes/css/dist/block-library/style.min40df.css]
[rohandhawan.com/wp-content/uploads/bb-plugin/cache/2057-layout7230.css]
[rohandhawan.com/wp-content/plugins/bootstrap-modals/css/bootstrap7433.css]
[rohandhawan.com/wp-content/themes/neve/style.min5b0a.css]
[rohandhawan.com/wp-includes/js/wp-embed.min40df.js]
